// Jest Snapshot v1, https://goo.gl/fbAQLP

exports[`disable nft on searchbar should render text with nfts 1`] = `
.c0 {
  background-color: #22222212;
  color: #7D7D7D;
  padding: 0px 8px;
  width: 20px;
  height: 20px;
  border-radius: 4px;
  font-size: 12px;
  font-weight: 535;
  line-height: 16px;
  display: -webkit-box;
  display: -webkit-flex;
  display: -ms-flexbox;
  display: flex;
  -webkit-align-items: center;
  -webkit-box-align: center;
  -ms-flex-align: center;
  align-items: center;
  opacity: 0.6;
  -webkit-backdrop-filter: blur(60px);
  backdrop-filter: blur(60px);
}

<div>
  <div
    class="reset_base__1klryar0 sprinkles_display_flex_sm__rgw6ez45p sprinkles_flexDirection_column_sm__rgw6ez481 sprinkles_position_relative_sm__rgw6ez49v sprinkles_width_auto_sm__rgw6ez18p sprinkles_width_auto_md__rgw6ez18q SearchBar_searchBarContainerNft__1fbf9sz4 SearchBar__1fbf9sz3 sprinkles_right_0_sm__rgw6ez3aj sprinkles_top_0_sm__rgw6ez3g1 sprinkles_zIndex_3_sm__rgw6ez3rd sprinkles_display_flex_sm__rgw6ez45p sprinkles_maxHeight_searchResultsMaxHeight_sm__rgw6ez207 sprinkles_overflow_hidden_default__rgw6ez8lf searchBarContainerDisableBlur"
    data-cy="search-bar"
  >
    <div
      class="reset_base__1klryar0 sprinkles_display_flex_sm__rgw6ez45p sprinkles_flexDirection_row_sm__rgw6ez47v sprinkles_alignItems_center_sm__rgw6ez47 sprinkles_borderRadius_12_default__rgw6ez8av sprinkles_borderBottomWidth_1px_default__rgw6ez8jv sprinkles_backgroundColor_searchBackground_default__rgw6ez70v sprinkles_gap_12_sm__rgw6ez3ud SearchBar_nftSearchBar__1fbf9sz9 SearchBar_baseSearchNftStyle__1fbf9sz2 SearchBar_baseSearchStyle__1fbf9sz1 SearchBar__1fbf9sz0 sprinkles_paddingTop_12_sm__rgw6ez2pp sprinkles_paddingBottom_12_sm__rgw6ez297 sprinkles_width_viewWidth_sm__rgw6ez18j sprinkles_borderStyle_solid_default__rgw6ez89n sprinkles_borderWidth_1px_default__rgw6ez8j3 sprinkles_borderColor_searchOutline_default__rgw6ez5ad SearchBar__1fbf9sz8 sprinkles_paddingLeft_16_sm__rgw6ez2f1 sprinkles_paddingRight_16_sm__rgw6ez2kj sprinkles_color_textSecondary_default__rgw6ez4fj common_magicalGradientOnHover__127l8hdb common_magicalGradient__127l8hda"
    >
      <div
        class="reset_base__1klryar0 SearchBar_searchContentLeftAlign__1fbf9sz10"
      >
        <div
          class="reset_base__1klryar0 sprinkles_display_none_sm__rgw6ez45d sprinkles_display_flex_md__rgw6ez45q"
        >
          <svg
            fill="none"
            height="16"
            viewBox="0 0 16 16"
            width="16"
            xmlns="http://www.w3.org/2000/svg"
          >
            <path
              d="M15 15L11.2439 11.2439M12.3821 6.69106C12.3821 9.83414 9.83414 12.3821 6.69106 12.3821C3.54797 12.3821 1 9.83414 1 6.69106C1 3.54797 3.54797 1 6.69106 1C9.83414 1 12.3821 3.54797 12.3821 6.69106Z"
              stroke="currentColor"
              stroke-linecap="round"
              stroke-linejoin="round"
              stroke-width="1.5"
            />
          </svg>
        </div>
        <div
          class="reset_base__1klryar0 sprinkles_display_flex_sm__rgw6ez45p sprinkles_display_none_md__rgw6ez45e sprinkles_color_textTertiary_default__rgw6ez4fp"
        >
          <svg
            fill="none"
            height="16"
            viewBox="0 0 8 16"
            width="8"
            xmlns="http://www.w3.org/2000/svg"
          >
            <path
              d="M7 1L1 7L7 13"
              stroke="currentColor"
              stroke-linecap="round"
              stroke-linejoin="round"
              stroke-width="2"
            />
          </svg>
        </div>
      </div>
      <input
        class="reset_base__1klryar0 reset_input__1klryar8 reset_field__1klryar5 reset_appearance__1klryar4 sprinkles_width_full_sm__rgw6ez17p SearchBar_searchBarInput__1fbf9szb SearchBar__1fbf9sza sprinkles_padding_0_sm__rgw6ez2u1 sprinkles_fontSize_16_sm__rgw6ezbp sprinkles_fontWeight_book_sm__rgw6ezdj sprinkles_color_textPrimary_default__rgw6ez4fd sprinkles_color_textSecondary_placeholder__rgw6ez4fo sprinkles_border_none_default__rgw6ez8ib sprinkles_background_none_default__rgw6ez4xd sprinkles_lineHeight_24_sm__rgw6ezf7 sprinkles_height_full_sm__rgw6ez1ep SearchBar_searchContentLeftAlign__1fbf9sz10"
        data-cy="search-bar-input"
        placeholder="Search tokens and NFT collections"
        value=""
      />
      <div
        class="c0"
      >
        /
      </div>
    </div>
    <div
      class="reset_base__1klryar0 sprinkles_display_flex_sm__rgw6ez45p sprinkles_flexDirection_column_sm__rgw6ez481 sprinkles_overflow_hidden_default__rgw6ez8lf SearchBar_hidden__1fbf9szx SearchBar__1fbf9szw sprinkles_visibility_hidden_sm__rgw6ez47p sprinkles_opacity_0_sm__rgw6ez4b7 sprinkles_padding_0_sm__rgw6ez2u1 sprinkles_height_0_sm__rgw6ez191"
    />
  </div>
</div>
`;

exports[`disable nft on searchbar should render text without nfts 1`] = `
.c0 {
  background-color: #22222212;
  color: #7D7D7D;
  padding: 0px 8px;
  width: 20px;
  height: 20px;
  border-radius: 4px;
  font-size: 12px;
  font-weight: 535;
  line-height: 16px;
  display: -webkit-box;
  display: -webkit-flex;
  display: -ms-flexbox;
  display: flex;
  -webkit-align-items: center;
  -webkit-box-align: center;
  -ms-flex-align: center;
  align-items: center;
  opacity: 0.6;
  -webkit-backdrop-filter: blur(60px);
  backdrop-filter: blur(60px);
}

<div>
  <div
    class="reset_base__1klryar0 sprinkles_display_flex_sm__rgw6ez45p sprinkles_flexDirection_column_sm__rgw6ez481 sprinkles_position_relative_sm__rgw6ez49v sprinkles_width_auto_sm__rgw6ez18p sprinkles_width_auto_md__rgw6ez18q SearchBar_searchBarContainerNft__1fbf9sz4 SearchBar__1fbf9sz3 sprinkles_right_0_sm__rgw6ez3aj sprinkles_top_0_sm__rgw6ez3g1 sprinkles_zIndex_3_sm__rgw6ez3rd sprinkles_display_flex_sm__rgw6ez45p sprinkles_maxHeight_searchResultsMaxHeight_sm__rgw6ez207 sprinkles_overflow_hidden_default__rgw6ez8lf searchBarContainerDisableBlur"
    data-cy="search-bar"
  >
    <div
      class="reset_base__1klryar0 sprinkles_display_flex_sm__rgw6ez45p sprinkles_flexDirection_row_sm__rgw6ez47v sprinkles_alignItems_center_sm__rgw6ez47 sprinkles_borderRadius_12_default__rgw6ez8av sprinkles_borderBottomWidth_1px_default__rgw6ez8jv sprinkles_backgroundColor_searchBackground_default__rgw6ez70v sprinkles_gap_12_sm__rgw6ez3ud SearchBar_nftSearchBar__1fbf9sz9 SearchBar_baseSearchNftStyle__1fbf9sz2 SearchBar_baseSearchStyle__1fbf9sz1 SearchBar__1fbf9sz0 sprinkles_paddingTop_12_sm__rgw6ez2pp sprinkles_paddingBottom_12_sm__rgw6ez297 sprinkles_width_viewWidth_sm__rgw6ez18j sprinkles_borderStyle_solid_default__rgw6ez89n sprinkles_borderWidth_1px_default__rgw6ez8j3 sprinkles_borderColor_searchOutline_default__rgw6ez5ad SearchBar__1fbf9sz8 sprinkles_paddingLeft_16_sm__rgw6ez2f1 sprinkles_paddingRight_16_sm__rgw6ez2kj sprinkles_color_textSecondary_default__rgw6ez4fj common_magicalGradientOnHover__127l8hdb common_magicalGradient__127l8hda"
    >
      <div
        class="reset_base__1klryar0 SearchBar_searchContentLeftAlign__1fbf9sz10"
      >
        <div
          class="reset_base__1klryar0 sprinkles_display_none_sm__rgw6ez45d sprinkles_display_flex_md__rgw6ez45q"
        >
          <svg
            fill="none"
            height="16"
            viewBox="0 0 16 16"
            width="16"
            xmlns="http://www.w3.org/2000/svg"
          >
            <path
              d="M15 15L11.2439 11.2439M12.3821 6.69106C12.3821 9.83414 9.83414 12.3821 6.69106 12.3821C3.54797 12.3821 1 9.83414 1 6.69106C1 3.54797 3.54797 1 6.69106 1C9.83414 1 12.3821 3.54797 12.3821 6.69106Z"
              stroke="currentColor"
              stroke-linecap="round"
              stroke-linejoin="round"
              stroke-width="1.5"
            />
          </svg>
        </div>
        <div
          class="reset_base__1klryar0 sprinkles_display_flex_sm__rgw6ez45p sprinkles_display_none_md__rgw6ez45e sprinkles_color_textTertiary_default__rgw6ez4fp"
        >
          <svg
            fill="none"
            height="16"
            viewBox="0 0 8 16"
            width="8"
            xmlns="http://www.w3.org/2000/svg"
          >
            <path
              d="M7 1L1 7L7 13"
              stroke="currentColor"
              stroke-linecap="round"
              stroke-linejoin="round"
              stroke-width="2"
            />
          </svg>
        </div>
      </div>
      <input
        class="reset_base__1klryar0 reset_input__1klryar8 reset_field__1klryar5 reset_appearance__1klryar4 sprinkles_width_full_sm__rgw6ez17p SearchBar_searchBarInput__1fbf9szb SearchBar__1fbf9sza sprinkles_padding_0_sm__rgw6ez2u1 sprinkles_fontSize_16_sm__rgw6ezbp sprinkles_fontWeight_book_sm__rgw6ezdj sprinkles_color_textPrimary_default__rgw6ez4fd sprinkles_color_textSecondary_placeholder__rgw6ez4fo sprinkles_border_none_default__rgw6ez8ib sprinkles_background_none_default__rgw6ez4xd sprinkles_lineHeight_24_sm__rgw6ezf7 sprinkles_height_full_sm__rgw6ez1ep SearchBar_searchContentLeftAlign__1fbf9sz10"
        data-cy="search-bar-input"
        placeholder="Search tokens"
        value=""
      />
      <div
        class="c0"
      >
        /
      </div>
    </div>
    <div
      class="reset_base__1klryar0 sprinkles_display_flex_sm__rgw6ez45p sprinkles_flexDirection_column_sm__rgw6ez481 sprinkles_overflow_hidden_default__rgw6ez8lf SearchBar_hidden__1fbf9szx SearchBar__1fbf9szw sprinkles_visibility_hidden_sm__rgw6ez47p sprinkles_opacity_0_sm__rgw6ez4b7 sprinkles_padding_0_sm__rgw6ez2u1 sprinkles_height_0_sm__rgw6ez191"
    />
  </div>
</div>
`;
